// Jest Snapshot v1, https://goo.gl/fbAQLP

exports[`order book should match snapshot 1`] = `
<View
  style={
    Object {
      "flex": 1,
      "marginVertical": 20,
      "paddingHorizontal": 40,
    }
  }
>
  <Text
    style={
      Object {
        "color": "white",
        "fontSize": 18,
        "marginTop": 30,
        "textAlign": "center",
      }
    }
  >
    BIDS
  </Text>
  <RCTScrollView
    ListHeaderComponent={[Function]}
    data={
      Array [
        Array [
          49272,
          25000,
          25000,
        ],
        Array [
          49275,
          0,
          25000,
        ],
      ]
    }
    disableVirtualization={false}
    getItem={[Function]}
    getItemCount={[Function]}
    horizontal={false}
    initialNumToRender={10}
    keyExtractor={[Function]}
    maxToRenderPerBatch={10}
    onContentSizeChange={[Function]}
    onEndReachedThreshold={2}
    onLayout={[Function]}
    onMomentumScrollEnd={[Function]}
    onScroll={[Function]}
    onScrollBeginDrag={[Function]}
    onScrollEndDrag={[Function]}
    removeClippedSubviews={false}
    renderItem={[Function]}
    scrollEventThrottle={50}
    stickyHeaderIndices={Array []}
    style={
      Object {
        "flex": 1,
        "marginTop": 20,
        "width": "100%",
      }
    }
    updateCellsBatchingPeriod={50}
    viewabilityConfigCallbackPairs={Array []}
    windowSize={21}
  >
    <View>
      <View
        onLayout={[Function]}
      >
        <View
          style={
            Object {
              "flexDirection": "row",
            }
          }
        >
          <Text
            style={
              Object {
                "color": "gray",
                "flex": 1,
                "textAlign": "right",
              }
            }
          >
            PRICE
          </Text>
          <Text
            style={
              Object {
                "color": "gray",
                "flex": 1,
                "textAlign": "right",
              }
            }
          >
            SIZE
          </Text>
          <Text
            style={
              Object {
                "color": "gray",
                "flex": 1,
                "textAlign": "right",
              }
            }
          >
            TOTAL
          </Text>
        </View>
      </View>
      <View
        onLayout={[Function]}
        style={null}
      >
        <View
          style={
            Object {
              "flex": 1,
              "flexDirection": "row",
            }
          }
        >
          <Text
            style={
              Object {
                "color": "red",
                "flex": 1,
                "textAlign": "right",
              }
            }
          >
            49,272.00
             
          </Text>
          <Text
            style={
              Object {
                "color": "red",
                "flex": 1,
                "textAlign": "right",
              }
            }
          >
            25,000
             
          </Text>
          <Text
            style={
              Object {
                "color": "red",
                "flex": 1,
                "textAlign": "right",
              }
            }
          >
            25,000
             
          </Text>
        </View>
      </View>
      <View
        onLayout={[Function]}
        style={null}
      >
        <View
          style={
            Object {
              "flex": 1,
              "flexDirection": "row",
            }
          }
        >
          <Text
            style={
              Object {
                "color": "red",
                "flex": 1,
                "textAlign": "right",
              }
            }
          >
            49,275.00
             
          </Text>
          <Text
            style={
              Object {
                "color": "red",
                "flex": 1,
                "textAlign": "right",
              }
            }
          >
            0
             
          </Text>
          <Text
            style={
              Object {
                "color": "red",
                "flex": 1,
                "textAlign": "right",
              }
            }
          >
            25,000
             
          </Text>
        </View>
      </View>
    </View>
  </RCTScrollView>
  <Text
    style={
      Object {
        "color": "white",
        "fontSize": 18,
        "marginTop": 30,
        "textAlign": "center",
      }
    }
  >
    ASKS
  </Text>
  <RCTScrollView
    ListHeaderComponent={[Function]}
    data={
      Array [
        Array [
          49272,
          25000,
          25000,
        ],
        Array [
          49275,
          0,
          25000,
        ],
      ]
    }
    disableVirtualization={false}
    getItem={[Function]}
    getItemCount={[Function]}
    horizontal={false}
    initialNumToRender={10}
    keyExtractor={[Function]}
    maxToRenderPerBatch={10}
    onContentSizeChange={[Function]}
    onEndReachedThreshold={2}
    onLayout={[Function]}
    onMomentumScrollEnd={[Function]}
    onScroll={[Function]}
    onScrollBeginDrag={[Function]}
    onScrollEndDrag={[Function]}
    removeClippedSubviews={false}
    renderItem={[Function]}
    scrollEventThrottle={50}
    stickyHeaderIndices={Array []}
    style={
      Object {
        "flex": 1,
        "marginTop": 20,
        "width": "100%",
      }
    }
    updateCellsBatchingPeriod={50}
    viewabilityConfigCallbackPairs={Array []}
    windowSize={21}
  >
    <View>
      <View
        onLayout={[Function]}
      >
        <View
          style={
            Object {
              "flexDirection": "row",
            }
          }
        >
          <Text
            style={
              Object {
                "color": "gray",
                "flex": 1,
                "textAlign": "right",
              }
            }
          >
            PRICE
          </Text>
          <Text
            style={
              Object {
                "color": "gray",
                "flex": 1,
                "textAlign": "right",
              }
            }
          >
            SIZE
          </Text>
          <Text
            style={
              Object {
                "color": "gray",
                "flex": 1,
                "textAlign": "right",
              }
            }
          >
            TOTAL
          </Text>
        </View>
      </View>
      <View
        onLayout={[Function]}
        style={null}
      >
        <View
          style={
            Object {
              "flex": 1,
              "flexDirection": "row",
            }
          }
        >
          <Text
            style={
              Object {
                "color": "green",
                "flex": 1,
                "textAlign": "right",
              }
            }
          >
            49,272.00
             
          </Text>
          <Text
            style={
              Object {
                "color": "green",
                "flex": 1,
                "textAlign": "right",
              }
            }
          >
            25,000
             
          </Text>
          <Text
            style={
              Object {
                "color": "green",
                "flex": 1,
                "textAlign": "right",
              }
            }
          >
            25,000
             
          </Text>
        </View>
      </View>
      <View
        onLayout={[Function]}
        style={null}
      >
        <View
          style={
            Object {
              "flex": 1,
              "flexDirection": "row",
            }
          }
        >
          <Text
            style={
              Object {
                "color": "green",
                "flex": 1,
                "textAlign": "right",
              }
            }
          >
            49,275.00
             
          </Text>
          <Text
            style={
              Object {
                "color": "green",
                "flex": 1,
                "textAlign": "right",
              }
            }
          >
            0
             
          </Text>
          <Text
            style={
              Object {
                "color": "green",
                "flex": 1,
                "textAlign": "right",
              }
            }
          >
            25,000
             
          </Text>
        </View>
      </View>
    </View>
  </RCTScrollView>
</View>
`;
